// Jest Snapshot v1, https://goo.gl/fbAQLP

exports[`<TopCard/> 1`] = `
<div
  class="topCard"
/>
`;
