// Jest Snapshot v1, https://goo.gl/fbAQLP

exports[`renders 1`] = `
<DocumentFragment>
  <div
    class="dropdown"
  >
    <div
      class="dropdown__content"
    >
      <p
        class="dropdown__content-title"
      >
        Sort
      </p>
      <div
        class="select-wrapper"
      >
        <select>
          <option
            value="ASC"
          >
            Ascending
          </option>
          <option
            value="DSC"
          >
            Descending
          </option>
        </select>
      </div>
    </div>
  </div>
</DocumentFragment>
`;
